// Vitest Snapshot v1, https://vitest.dev/guide/snapshot.html

exports[`Counter snapshot test > toUpperCase String 1`] = `"FOOBAR"`;

exports[`snapshot test > toUpperCase String 1`] = `"FOOBAR"`;
